tt9573984
tt1667484
tt1280009
tt9573984
tt10626534
tt0932667